=== untrained vs random ===
  20/200 fly=15
  40/200 fly=28
  60/200 fly=40
  80/200 fly=54
  100/200 fly=64
  120/200 fly=79
  140/200 fly=89
  160/200 fly=105
  180/200 fly=115
  200/200 fly=129
fly 129/200 = 64.5% vs random (n=512, w=prior)
gammon rate 42.6% of wins, med plies 114
=== untrained vs greedy ===
  20/200 fly=9
  40/200 fly=17
  60/200 fly=24
  80/200 fly=33
  100/200 fly=42
  120/200 fly=47
  140/200 fly=54
  160/200 fly=62
  180/200 fly=74
  200/200 fly=80
fly 80/200 = 40.0% vs greedy (n=512, w=prior)
gammon rate 15.0% of wins, med plies 115
=== trained vs random ===
  20/200 fly=18
  40/200 fly=38
  60/200 fly=57
  80/200 fly=76
  100/200 fly=96
  120/200 fly=114
  140/200 fly=133
  160/200 fly=153
  180/200 fly=173
  200/200 fly=193
fly 193/200 = 96.5% vs random (n=512, w=brain/weights/best.npz)
gammon rate 81.3% of wins, med plies 134
=== trained vs greedy ===
  20/200 fly=16
  40/200 fly=30
  60/200 fly=46
  80/200 fly=59
  100/200 fly=73
  120/200 fly=88
  140/200 fly=103
  160/200 fly=113
  180/200 fly=124
  200/200 fly=137
fly 137/200 = 68.5% vs greedy (n=512, w=brain/weights/best.npz)
gammon rate 32.8% of wins, med plies 132
=== expert vs random ===
  20/200 fly=20
  40/200 fly=40
  60/200 fly=60
  80/200 fly=80
  100/200 fly=100
  120/200 fly=120
  140/200 fly=140
  160/200 fly=160
  180/200 fly=180
  200/200 fly=200
fly 200/200 = 100.0% vs random (n=512, w=brain/weights/expert.npz)
gammon rate 91.5% of wins, med plies 128
=== expert vs greedy ===
  20/200 fly=20
  40/200 fly=39
  60/200 fly=56
  80/200 fly=70
  100/200 fly=88
  120/200 fly=106
  140/200 fly=122
  160/200 fly=139
  180/200 fly=154
  200/200 fly=171
fly 171/200 = 85.5% vs greedy (n=512, w=brain/weights/expert.npz)
gammon rate 57.3% of wins, med plies 134
=== league vs random ===
  20/200 fly=19
  40/200 fly=39
  60/200 fly=59
  80/200 fly=77
  100/200 fly=97
  120/200 fly=117
  140/200 fly=136
  160/200 fly=156
  180/200 fly=176
  200/200 fly=196
fly 196/200 = 98.0% vs random (n=512, w=brain/weights_league/stageC_n512.npz)
gammon rate 92.9% of wins, med plies 126
=== league vs greedy ===
  20/200 fly=19
  40/200 fly=37
  60/200 fly=53
  80/200 fly=69
  100/200 fly=86
  120/200 fly=104
  140/200 fly=121
  160/200 fly=139
  180/200 fly=154
  200/200 fly=173
fly 173/200 = 86.5% vs greedy (n=512, w=brain/weights_league/stageC_n512.npz)
gammon rate 57.8% of wins, med plies 133
=== student vs random ===
  20/200 fly=18
  40/200 fly=38
  60/200 fly=58
  80/200 fly=78
  100/200 fly=96
  120/200 fly=116
  140/200 fly=136
  160/200 fly=155
  180/200 fly=175
  200/200 fly=195
fly 195/200 = 97.5% vs random (n=512, w=brain/weights/student.npz)
gammon rate 81.0% of wins, med plies 126
=== student vs greedy ===
  20/200 fly=18
  40/200 fly=32
  60/200 fly=50
  80/200 fly=68
  100/200 fly=87
  120/200 fly=104
  140/200 fly=122
  160/200 fly=137
  180/200 fly=154
  200/200 fly=172
fly 172/200 = 86.0% vs greedy (n=512, w=brain/weights/student.npz)
gammon rate 53.5% of wins, med plies 127
LADDER-DONE
